
> scratch@0.1.0 build
> next build

node.exe : ÔÜá Warning: 
Next.js inferred your 
workspace root, but it 
may not be correct.
At line:1 char:1
+ & "C:\Program 
Files\nodejs/node.exe" 
"C:\Program 
Files\nodejs/node_mo ...
+ ~~~~~~~~~~~~~~~~~~~~~~~~
~~~~~~~~~~~~~~~~~~~~~~~~~~
~~~~~~~~~~~~~~~~~~~
    + CategoryInfo        
      : NotSpecified: (Ô  
  Üá Warning: Ne...not    
 be correct.:String) [    
], RemoteException
    + FullyQualifiedError 
   Id : NativeCommandErr  
  or
 
 We detected multiple 
lockfiles and selected 
the directory of C:\Users\
vinot\package-lock.json 
as the root directory.
 To silence this warning, 
set `turbopack.root` in 
your Next.js config, or 
consider removing one of 
the lockfiles if it's not 
needed.
   See https://nextjs.org/
docs/app/api-reference/con
fig/next-config-js/turbopa
ck#root-directory for 
more information.
 Detected additional 
lockfiles: 
   * C:\Users\vinot\.gemin
i\antigravity\scratch\pack
age-lock.json

Ôû▓ Next.js 16.2.9 (Turbopack)

  Creating an optimized production build ...
Error: Cannot apply 
unknown utility class 
`border-border`. Are you 
using CSS modules or 
similar and missing 
`@reference`? https://tail
windcss.com/docs/functions
-and-directives#reference-
directive
    [2m[at 
onInvalidCandidate (C:\Use
rs\vinot\.gemini\antigravi
ty\scratch\node_modules\ta
ilwindcss\dist\lib.js:21:1
677)][0m
    [2m[at Re (C:\Users\v
inot\.gemini\antigravity\s
cratch\node_modules\tailwi
ndcss\dist\lib.js:16:39426
)][0m
    [2m[at C:\Users\vinot
\.gemini\antigravity\scrat
ch\node_modules\tailwindcs
s\dist\lib.js:21:711][0m
    [2m[at jr (C:\Users\v
inot\.gemini\antigravity\s
cratch\node_modules\tailwi
ndcss\dist\lib.js:3:1775)]
[0m
    [2m[at I (C:\Users\vi
not\.gemini\antigravity\sc
ratch\node_modules\tailwin
dcss\dist\lib.js:3:1377)]
[0m
    [2m[at Ee (C:\Users\v
inot\.gemini\antigravity\s
cratch\node_modules\tailwi
ndcss\dist\lib.js:21:172)]
[0m
    [2m[at Cn (C:\Users\v
inot\.gemini\antigravity\s
cratch\node_modules\tailwi
ndcss\dist\lib.js:38:294)]
[0m
    [2m[at process.proces
sTicksAndRejections (node:
internal/process/task_queu
es:105:5)][0m
    [2m[at async Sn (C:\U
sers\vinot\.gemini\antigra
vity\scratch\node_modules\
tailwindcss\dist\lib.js:38
:631)][0m
    [2m[at async ln (C:\U
sers\vinot\.gemini\antigra
vity\scratch\node_modules\
@tailwindcss\node\dist\ind
ex.js:10:3415)][0m

> Build error occurred
Error: Turbopack build 
failed with 1 errors:
./.gemini/antigravity/scra
tch/src/app/globals.css
Error evaluating Node.js 
code
CssSyntaxError: 
tailwindcss: C:\Users\vino
t\.gemini\antigravity\scra
tch\src\app\globals.css:1:
1: Cannot apply unknown 
utility class 
`border-border`. Are you 
using CSS modules or 
similar and missing 
`@reference`? https://tail
windcss.com/docs/functions
-and-directives#reference-
directive
    at Input.error (.gemin
i/antigravity/scratch/node
_modules/postcss/lib/input
.js:135:16) [C:\Users\vino
t\.gemini\antigravity\scra
tch\.next\build\chunks\0dp
z_1s3mucv._.js:4692:22]
    at error (.gemini/anti
gravity/scratch/node_modul
es/postcss/lib/node.js:146
:32) [C:\Users\vinot\.gemi
ni\antigravity\scratch\.ne
xt\build\chunks\0dpz_1s3mu
cv._.js:954:38]
    [at Object.Once (C:\Us
ers\vinot\.gemini\antigrav
ity\scratch\node_modules\@
tailwindcss\postcss\dist\i
ndex.js:10:6918)]
    [at process.processTic
ksAndRejections (node:inte
rnal/process/task_queues:1
05:5)]
    at async 
LazyResult.runAsync (.gemi
ni/antigravity/scratch/nod
e_modules/postcss/lib/lazy
-result.js:293:11) [C:\Use
rs\vinot\.gemini\antigravi
ty\scratch\.next\build\chu
nks\0dpz_1s3mucv._.js:6264
:21]
    at async transform (tu
rbopack:///[turbopack-node
]/transforms/postcss.ts:70
:34) [C:\Users\vinot\.gemi
ni\antigravity\scratch\.ne
xt\build\chunks\[root-of-t
he-server]__18lhmrc._.js:1
46:36]
    at async run (turbopac
k:///[turbopack-node]/chil
d_process/evaluate.ts:89:2
3) [C:\Users\vinot\.gemini
\antigravity\scratch\.next
\build\chunks\[root-of-the
-server]__0tjqea2._.js:443
:31]

Import trace:
  Client Component 
Browser:
    ./.gemini/antigravity/
scratch/src/app/globals.cs
s [Client Component 
Browser]
    ./.gemini/antigravity/
scratch/src/app/layout.tsx
 [Server Component]


    at async transform (tu
rbopack:///[turbopack-node
]/transforms/postcss.ts:70
:34) [C:\Users\vinot\.gemi
ni\antigravity\scratch\.ne
xt\build\chunks\[root-of-t
he-server]__18lhmrc._.js:1
46:36])
    at async run (turbopac
k:///[turbopack-node]/chil
d_process/evaluate.ts:89:2
3) [C:\Users\vinot\.gemini
\antigravity\scratch\.next
\build\chunks\[root-of-the
-server]__0tjqea2._.js:443
:31])
